// Jest Snapshot v1, https://goo.gl/fbAQLP

exports[`<TrackCard /> should render and match the snapshot 1`] = `
<body>
  <div>
    <div
    class="MuiPaper-root MuiPaper-elevation MuiPaper-rounded MuiPaper-elevation1 MuiCard-root e12nrugs5 css-b8f0w9-MuiPaper-root-MuiCard-root-TrackCustomCard"
    data-testid="track-card">
    <div class="e12nrugs4 MuiBox-root css-14ywcf9-TrackContentBox">
        <div
          class="e12nrugs2 MuiBox-root css-3wx8pt-TrackContentBox-TrackContentHeaderBox"
        >
          <button
            class="MuiButtonBase-root MuiIconButton-root MuiIconButton-sizeMedium css-78trlr-MuiButtonBase-root-MuiIconButton-root"
            tabindex="0"
            type="button"
            aria-label="play/pause"
          >
            <svg
              class="MuiSvgIcon-root MuiSvgIcon-fontSizeMedium e12nrugs0 css-habosj-MuiSvgIcon-root-TrackPlayIcon"
              focusable="false"
              aria-hidden="true"
              viewBox="0 0 24 24"
              data-testid="PlayArrowIcon"
            >
              <path d="M8 5v14l11-7z"></path></svg
            ><span
              class="MuiTouchRipple-root css-8je8zh-MuiTouchRipple-root"
            ></span>
          </button>
          <div
            class="MuiTypography-root MuiTypography-h5 css-ag7rrr-MuiTypography-root"
          >
            <p
              data-testid="collection_name_unavailable"
              class="css-1c83g7r-StyledText-regular-normal-standard egtqi0h0"
            >
              Track name is unavailable
            </p>
          </div>
        </div>
        <div
          class="MuiTypography-root MuiTypography-subtitle1 css-ecpxie-MuiTypography-root"
        >
          <p
            data-testid="track_artist_name_unavailable"
            class="css-1c83g7r-StyledText-regular-normal-standard egtqi0h0"
          >
            Artist name is unavailable
          </p>
        </div>
        <p
          data-testid="track_shortdesc_unavailable"
          class="css-1c83g7r-StyledText-regular-normal-standard egtqi0h0"
        >
          Description unavaiable
        </p>
      </div>
    </div>
  </div>
</body>
`;
